[frenzzy.webflow.io/index.html]
[backblue.gif]
[fade.gif]
[index.html]
[assets-global.website-files.com/6577019a915bb98abc733614/css/frenzzy.webflow.33adfbd80.css]
[ajax.googleapis.com/ajax/libs/webfont/1.6.26/webfont.js]
[assets-global.website-files.com/6577019a915bb98abc733614/6578292bacaaaf778474bdda_favicon.png]
[assets-global.website-files.com/6577019a915bb98abc733614/6578292e454da728965cd378_webclip.png]
[assets-global.website-files.com/6577019a915bb98abc733614/657863b7f0b946b4f8e8b45e_viber_image_2023-12-12_14-14-12-128.png]
[frenzzy.webflow.io/about.html]
[frenzzy.webflow.io/categories.html]
[frenzzy.webflow.io/blog.html]
[frenzzy.webflow.io/shop.html]
[frenzzy.webflow.io/contact.html]
[frenzzy.webflow.io/checkout.html]
[assets-global.website-files.com/6577019a915bb98abc733614/65770624f4c813026b58f30c_search.png]
[frenzzy.webflow.io/blog-categories/entertainment.html]
[assets-global.website-files.com/65770570a2946a7c83492a9c/65782fe7dec1e4824058c1d2_post16.jpg]
[assets-global.website-files.com/6577019a915bb98abc733614/657706245d964540c2260550_readmore.png]
[frenzzy.webflow.io/blog-categories/nature.html]
[assets-global.website-files.com/65770570a2946a7c83492a9c/6578309e6326b68e4a349b77_post21.jpg]
[frenzzy.webflow.io/blog-categories/gaming.html]
[assets-global.website-files.com/65770570a2946a7c83492a9c/657830e615a9a61836170fe6_post24.jpg]
[frenzzy.webflow.io/blog-categories/business.html]
[assets-global.website-files.com/65770570a2946a7c83492a9c/6578310098806a00be591e26_post25.jpg]
[frenzzy.webflow.io/blog-categories/science.html]
[assets-global.website-files.com/65770570a2946a7c83492a9c/657773b343693d77d17d1a02_post1.jpg]
[frenzzy.webflow.io/blog-categories/education.html]
[assets-global.website-files.com/65770570a2946a7c83492a9c/65782f566d667c772c700afb_post11.jpg]
[frenzzy.webflow.io/blog-categories/sport.html]
[assets-global.website-files.com/65770570a2946a7c83492a9c/65783182471c329927ff4a48_post2.jpg]
[frenzzy.webflow.io/blog-categories/travel.html]
[assets-global.website-files.com/65770570a2946a7c83492a9c/65780cbcdec1e4824042b46a_post4.jpg]
[frenzzy.webflow.io/blog-posts/laugh-lounge-comedy-capers-and-chuckles.html]
[frenzzy.webflow.io/blog-posts/oceans-unexplored-secrets-of-the-deep.html]
[frenzzy.webflow.io/blog-posts/console-corner-exploring-gaming-platforms.html]
[frenzzy.webflow.io/blog-posts/startup-spotlight-unveiling-business-triumphs.html]
[assets-global.website-files.com/6577019a915bb98abc733614/65770613c4602911abe0fa5a_arrow.png]
[frenzzy.webflow.io/blog-posts/future-forward-technologys-evolution-unveiled.html]
[frenzzy.webflow.io/blog-posts/tech-trends-navigating-the-digital-frontier.html]
[assets-global.website-files.com/65770570a2946a7c83492a9c/65782f0d21d2b8f2b865b120_post10.jpg]
[frenzzy.webflow.io/blog-posts/tech-talk-advancements-in-science-and-tech.html]
[frenzzy.webflow.io/blog-posts/bio-wonders-natures-marvels-explored.html]
[assets-global.website-files.com/65770570a2946a7c83492a9c/657830c6855f03a70321bad0_post23.jpg]
[frenzzy.webflow.io/blog-posts/lab-diaries-cutting-edge-scientific-discoveries.html]
[assets-global.website-files.com/65770570a2946a7c83492a9c/65782f49ce97ed219a9db50e_post12.jpg]
[frenzzy.webflow.io/blog-posts/cosmic-curiosities-exploring-the-universe.html]
[frenzzy.webflow.io/blog-posts/beyond-books-practical-learning-adventures.html]
[frenzzy.webflow.io/blog-posts/teachers-toolbox-strategies-for-success.html]
[assets-global.website-files.com/65770570a2946a7c83492a9c/65783070010dc346d091ec11_post19.jpg]
[frenzzy.webflow.io/blog-posts/edtech-explorations-transformative-tools.html]
[frenzzy.webflow.io/blog-posts/student-chronicles-life-in-the-academic-lane.html]
[frenzzy.webflow.io/blog-posts/knowledge-quest-exploring-academic-frontiers.html]
[frenzzy.webflow.io/blog-posts/corporate-chronicles-leadership-in-action.html]
[assets-global.website-files.com/65770570a2946a7c83492a9c/65783193eea2615e6516bf5b_post3.jpg]
[frenzzy.webflow.io/blog-posts/innovation-junction-business-beyond-boundaries.html]
[frenzzy.webflow.io/blog-posts/natures-palette-colors-of-the-great-outdoors.html]
[frenzzy.webflow.io/blog-posts/market-mavericks-navigating-business-trends.html]
[assets-global.website-files.com/65770570a2946a7c83492a9c/65782f6c69153b560d5f5214_post13.jpg]
[assets-global.website-files.com/6577019a915bb98abc733614/65770614cd2b36e1dd28e4e5_email.png]
[assets-global.website-files.com/6577019a915bb98abc733614/657706159200194a881b726c_phone.png]
[assets-global.website-files.com/6577019a915bb98abc733614/65770614b938b86ccc40e906_fb.png]
[assets-global.website-files.com/6577019a915bb98abc733614/65770633776ed826c66587fb_twitter.png]
[assets-global.website-files.com/6577019a915bb98abc733614/65770614fa7414b4fe17e9fc_insta.png]
[assets-global.website-files.com/6577019a915bb98abc733614/65770633051a676c022c42e8_you.png]
[assets-global.website-files.com/6577019a915bb98abc733614/657706157f832e848a210b8e_pint.png]
[frenzzy.webflow.io/utility-pages/license.html]
[d3e54v103j8qbb.cloudfront.net/js/jquery-3.5.1.min.dc5e7f18c89dcc.js]
[frenzzy.webflow.io/index.html]
[assets-global.website-files.com/6577019a915bb98abc733614/js/webflow.4895eb839.js]
[assets-global.website-files.com/6577019a915bb98abc733614/65770614776ed826c6655f76_footer-bg.jpg]
[assets-global.website-files.com/6577019a915bb98abc733614/65770623fd9c7b93435bf034_post-bg.jpg]
[assets-global.website-files.com/6577019a915bb98abc733614/css/frenzzy.webflow.33adfbd80.css]
[assets-global.website-files.com/6577019a915bb98abc733614/657979eea1a826641fd98d99_socials_22.png]
[assets-global.website-files.com/6577019a915bb98abc733614/65770613e6074c335d770a88_about.jpg]
[assets-global.website-files.com/6577019a915bb98abc733614/65770614b9d7afd78b3fdc11_dec2.jpg]
[assets-global.website-files.com/65770570a2946a7c83492a9c/65776bfacaa42837d45bdf14_author1.jpg]
[frenzzy.webflow.io/author/demetris-osinski.html]
[assets-global.website-files.com/65770570a2946a7c83492a9c/65776c11346eaf4660a2fa27_author2.jpg]
[frenzzy.webflow.io/author/alex-carter.html]
[assets-global.website-files.com/65770570a2946a7c83492a9c/65776c406131c7e9b65a3b47_author3.jpg]
[frenzzy.webflow.io/author/gisselle-schiller.html]
[assets-global.website-files.com/65770570a2946a7c83492a9c/65776c51f61615907dbb9956_author4.jpg]
[frenzzy.webflow.io/about.html]
[frenzzy.webflow.io/author/mike-ivans.html]
[assets-global.website-files.com/65770570a2946a7c83492a9c/65782fc68da4f65661c01ec6_post15.jpg]
[frenzzy.webflow.io/categories.html]
[frenzzy.webflow.io/blog-posts/training-triumphs-athletes-journey-to-excellence.html]
[frenzzy.webflow.io/blog-posts/natures-retreat-serenity-in-every-step.html]
[frenzzy.webflow.io/blog-posts/bookish-escapes-literary-worlds-explored.html]
[frenzzy.webflow.io/blog.html]
[frenzzy.webflow.io/blog4b80.html]
[frenzzy.webflow.io/product/lumina-silk.html]
[assets-global.website-files.com/65770570a2946a7c83492a9c/657989fc1353d59da590ff6a_product1.jpg]
[frenzzy.webflow.io/product/whisper-weave.html]
[assets-global.website-files.com/65770570a2946a7c83492a9c/65798b41df62e48a8377817f_product2.jpg]
[frenzzy.webflow.io/product/quanta-cloth.html]
[assets-global.website-files.com/65770570a2946a7c83492a9c/65798b24b7012ce767b4f90a_product3.jpg]
[frenzzy.webflow.io/product/dream-drape.html]
[assets-global.website-files.com/65770570a2946a7c83492a9c/65798acc76bdf4b7c61d035c_product4.jpg]
[frenzzy.webflow.io/product/celestial-chiffon.html]
[assets-global.website-files.com/65770570a2946a7c83492a9c/65798aa9efdd1c29812876b3_product5.jpg]
[frenzzy.webflow.io/product/radiant-rayon.html]
[assets-global.website-files.com/65770570a2946a7c83492a9c/65798a88deef97ac30097d32_product6.jpg]
[frenzzy.webflow.io/product/ethereal-elegance.html]
[assets-global.website-files.com/65770570a2946a7c83492a9c/65798a6139d72f01420b9e96_product7.jpg]
[frenzzy.webflow.io/product/mirage-mesh.html]
[assets-global.website-files.com/65770570a2946a7c83492a9c/657989325dcfc3a99e25b227_product8.jpg]
[frenzzy.webflow.io/product/serenity-satin.html]
[assets-global.website-files.com/65770570a2946a7c83492a9c/65798905b7012ce767b345c4_product9.jpg]
[frenzzy.webflow.io/shop.html]
[frenzzy.webflow.io/contact.html]
[frenzzy.webflow.io/checkout.html]
[frenzzy.webflow.io/blog-posts/pop-culture-parade-trends-and-fandoms.html]
[assets-global.website-files.com/65770570a2946a7c83492a9c/657831dd5362026d0f29a07a_post6.jpg]
[frenzzy.webflow.io/blog-posts/music-mosaic-harmony-across-genres.html]
[frenzzy.webflow.io/blog-posts/cinematic-bliss-movie-magic-unveiled.html]
[frenzzy.webflow.io/blog-posts/showtime-chronicles-entertainment-extravaganza.html]
[assets-global.website-files.com/65770570a2946a7c83492a9c/65780db9b2717fab90626935_post8.jpg]
[frenzzy.webflow.io/blog-categories/entertainment.html]
[frenzzy.webflow.io/blog-posts/aerial-perspectives-birds-eye-nature-views.html]
[assets-global.website-files.com/65770570a2946a7c83492a9c/65782fa0c3d57d6d7e9a8c15_post14.jpg]
[frenzzy.webflow.io/blog-posts/into-the-wilderness-adventures-in-nature.html]
[assets-global.website-files.com/65770570a2946a7c83492a9c/65780d210f0e0f320d32b8ff_post5.jpg]
[frenzzy.webflow.io/blog-posts/floral-fantasy-botanical-beauty-unveiled.html]
[frenzzy.webflow.io/blog-posts/wild-wonders-exploring-natures-tapestry.html]
[assets-global.website-files.com/65770570a2946a7c83492a9c/65780ddd841fc3405c1461b4_post7.jpg]
[frenzzy.webflow.io/blog-categories/nature.html]
[frenzzy.webflow.io/blog-posts/game-changers-industry-evolution-unveiled.html]
[frenzzy.webflow.io/blog-posts/multiplayer-mayhem-gaming-community-vibes.html]
[frenzzy.webflow.io/blog-posts/quest-chronicles-epic-gaming-adventures.html]
[assets-global.website-files.com/65770570a2946a7c83492a9c/65780d46d529a1dc20748e8c_post6.jpg]
[frenzzy.webflow.io/blog-posts/pixel-perfection-artistry-in-video-games.html]
[frenzzy.webflow.io/blog-posts/gamers-gazette-latest-trends-in-gaming.html]
[frenzzy.webflow.io/blog-categories/gaming.html]
[frenzzy.webflow.io/blog-posts/financial-frontiers-wealth-building-wisdom.html]
[frenzzy.webflow.io/blog-categories/business.html]
[frenzzy.webflow.io/blog-categories/science.html]
[frenzzy.webflow.io/blog-posts/entrepreneurial-insights-building-success-stories.html]
[frenzzy.webflow.io/blog-posts/learning-unleashed-innovative-educational-trends.html]
[assets-global.website-files.com/65770570a2946a7c83492a9c/65780c82cbcdb5fa71f873b8_post3.jpg]
[frenzzy.webflow.io/blog-categories/education.html]
[frenzzy.webflow.io/blog-posts/from-courts-to-pitches-diverse-sporting-stories.html]
[assets-global.website-files.com/65770570a2946a7c83492a9c/6578305c159c5e33da267bc0_post18.jpg]
[frenzzy.webflow.io/blog-posts/breaking-records-sporting-legends-unleashed.html]
[assets-global.website-files.com/65770570a2946a7c83492a9c/657831551dcdbadeddef8ab9_post26.jpg]
[frenzzy.webflow.io/blog-posts/thrill-of-victory-sportsmanship-spotlight.html]
[frenzzy.webflow.io/blog-posts/fitness-fusion-beyond-the-gym-routine.html]
[frenzzy.webflow.io/blog-posts/game-on-strategies-for-sporting-success.html]
[assets-global.website-files.com/65770570a2946a7c83492a9c/65780baa78fffdcd92179e0c_post2.jpg]
[frenzzy.webflow.io/blog-categories/sport.html]
[frenzzy.webflow.io/blog-posts/wanderlust-chronicles-tales-from-the-road.html]
[frenzzy.webflow.io/blog-posts/local-bites-culinary-experiences-worldwide.html]
[frenzzy.webflow.io/blog-posts/adventure-awaits-thrilling-travel-escapes.html]
[assets-global.website-files.com/65770570a2946a7c83492a9c/65783046adf8bcc6d7dd55a4_post17.jpg]
[frenzzy.webflow.io/blog-posts/cultural-delights-a-journey-through-history.html]
[assets-global.website-files.com/65770570a2946a7c83492a9c/65782ec113790d5b091d3a46_post9.jpg]
[frenzzy.webflow.io/blog-posts/hidden-gems-explore-offbeat-destinations.html]
[frenzzy.webflow.io/blog-categories/travel.html]
[frenzzy.webflow.io/blog-posts/laugh-lounge-comedy-capers-and-chuckles.html]
[frenzzy.webflow.io/blog-posts/oceans-unexplored-secrets-of-the-deep.html]
[frenzzy.webflow.io/blog-posts/console-corner-exploring-gaming-platforms.html]
[frenzzy.webflow.io/blog-posts/startup-spotlight-unveiling-business-triumphs.html]
[frenzzy.webflow.io/blog-posts/future-forward-technologys-evolution-unveiled.html]
[frenzzy.webflow.io/blog-posts/tech-trends-navigating-the-digital-frontier.html]
[frenzzy.webflow.io/blog-posts/tech-talk-advancements-in-science-and-tech.html]
[frenzzy.webflow.io/blog-posts/bio-wonders-natures-marvels-explored.html]
[frenzzy.webflow.io/blog-posts/lab-diaries-cutting-edge-scientific-discoveries.html]
[frenzzy.webflow.io/blog-posts/cosmic-curiosities-exploring-the-universe.html]
[frenzzy.webflow.io/blog-posts/beyond-books-practical-learning-adventures.html]
[frenzzy.webflow.io/blog-posts/teachers-toolbox-strategies-for-success.html]
[frenzzy.webflow.io/blog-posts/edtech-explorations-transformative-tools.html]
[frenzzy.webflow.io/blog-posts/student-chronicles-life-in-the-academic-lane.html]
[frenzzy.webflow.io/blog-posts/knowledge-quest-exploring-academic-frontiers.html]
[frenzzy.webflow.io/blog-posts/corporate-chronicles-leadership-in-action.html]
[frenzzy.webflow.io/blog-posts/innovation-junction-business-beyond-boundaries.html]
[frenzzy.webflow.io/blog-posts/natures-palette-colors-of-the-great-outdoors.html]
[frenzzy.webflow.io/blog-posts/market-mavericks-navigating-business-trends.html]
[frenzzy.webflow.io/utility-pages/license.html]
[assets-global.website-files.com/6577019a915bb98abc733614/657979ee694f43158561101e_socials_03.png]
[assets-global.website-files.com/6577019a915bb98abc733614/657979d08b16b909cd9a0a35_socials_07.png]
[assets-global.website-files.com/6577019a915bb98abc733614/657979ee911cff880a97f044_socials_05.png]
[assets-global.website-files.com/6577019a915bb98abc733614/657979ee4c6becf17e30a7a2_socials_09.png]
[assets-global.website-files.com/6577019a915bb98abc733614/657979ed8e40164b1897c0bb_socials_13.png]
[frenzzy.webflow.io/author/demetris-osinski.html]
[frenzzy.webflow.io/author/alex-carter.html]
[frenzzy.webflow.io/author/gisselle-schiller.html]
[frenzzy.webflow.io/author/mike-ivans.html]
[frenzzy.webflow.io/blog-posts/training-triumphs-athletes-journey-to-excellence.html]
[frenzzy.webflow.io/blog-posts/natures-retreat-serenity-in-every-step.html]
[frenzzy.webflow.io/blog-posts/bookish-escapes-literary-worlds-explored.html]
[frenzzy.webflow.io/blogffd8.html]
[frenzzy.webflow.io/blog4b80.html]
[frenzzy.webflow.io/product/lumina-silk.html]
[frenzzy.webflow.io/product/whisper-weave.html]
[frenzzy.webflow.io/product/quanta-cloth.html]
[frenzzy.webflow.io/product/dream-drape.html]
[frenzzy.webflow.io/product/celestial-chiffon.html]
[frenzzy.webflow.io/product/radiant-rayon.html]
[frenzzy.webflow.io/product/ethereal-elegance.html]
[frenzzy.webflow.io/product/mirage-mesh.html]
[frenzzy.webflow.io/product/serenity-satin.html]
[frenzzy.webflow.io/blog-posts/pop-culture-parade-trends-and-fandoms.html]
[frenzzy.webflow.io/blog-posts/music-mosaic-harmony-across-genres.html]
[frenzzy.webflow.io/blog-posts/cinematic-bliss-movie-magic-unveiled.html]
[frenzzy.webflow.io/blog-posts/showtime-chronicles-entertainment-extravaganza.html]
[frenzzy.webflow.io/blog-posts/aerial-perspectives-birds-eye-nature-views.html]
[frenzzy.webflow.io/blog-posts/into-the-wilderness-adventures-in-nature.html]
[frenzzy.webflow.io/blog-posts/floral-fantasy-botanical-beauty-unveiled.html]
[frenzzy.webflow.io/blog-posts/wild-wonders-exploring-natures-tapestry.html]
[frenzzy.webflow.io/blog-posts/game-changers-industry-evolution-unveiled.html]
[frenzzy.webflow.io/blog-posts/multiplayer-mayhem-gaming-community-vibes.html]
[frenzzy.webflow.io/blog-posts/quest-chronicles-epic-gaming-adventures.html]
[frenzzy.webflow.io/blog-posts/pixel-perfection-artistry-in-video-games.html]
[frenzzy.webflow.io/blog-posts/gamers-gazette-latest-trends-in-gaming.html]
[frenzzy.webflow.io/blog-posts/financial-frontiers-wealth-building-wisdom.html]
[frenzzy.webflow.io/blog-posts/entrepreneurial-insights-building-success-stories.html]
[frenzzy.webflow.io/blog-posts/learning-unleashed-innovative-educational-trends.html]
[frenzzy.webflow.io/blog-posts/from-courts-to-pitches-diverse-sporting-stories.html]
[frenzzy.webflow.io/blog-posts/breaking-records-sporting-legends-unleashed.html]
[frenzzy.webflow.io/blog-posts/thrill-of-victory-sportsmanship-spotlight.html]
[frenzzy.webflow.io/blog-posts/fitness-fusion-beyond-the-gym-routine.html]
[frenzzy.webflow.io/blog-posts/game-on-strategies-for-sporting-success.html]
[frenzzy.webflow.io/blog-posts/wanderlust-chronicles-tales-from-the-road.html]
[frenzzy.webflow.io/blog-posts/local-bites-culinary-experiences-worldwide.html]
[frenzzy.webflow.io/blog-posts/adventure-awaits-thrilling-travel-escapes.html]
[frenzzy.webflow.io/blog-posts/cultural-delights-a-journey-through-history.html]
[frenzzy.webflow.io/blog-posts/hidden-gems-explore-offbeat-destinations.html]
[frenzzy.webflow.io/blogffd8.html]
[frenzzy.webflow.io/blogf1d8.html]
[frenzzy.webflow.io/blogf1d8.html]
[frenzzy.webflow.io/blog7fe4.html]
[frenzzy.webflow.io/blog7fe4.html]
[frenzzy.webflow.io/bloga25a.html]
[frenzzy.webflow.io/bloga25a.html]
[frenzzy.webflow.io/blog5e4e.html]
[frenzzy.webflow.io/blog5e4e.html]
